../Core/Src/main.c:77:5:main	3
../Core/Src/main.c:166:6:SystemClock_Config	3
../Core/Src/main.c:205:13:MX_FDCAN1_Init	2
../Core/Src/main.c:248:13:MX_GPIO_Init	1
../Core/Src/main.c:265:13:CAN_User_Init	4
../Core/Src/main.c:298:13:CAN_Send_Button_Message	3
../Core/Src/main.c:332:13:CAN_Poll_Rx	5
../Core/Src/main.c:360:16:CAN_DlcToBytes	17
../Core/Src/main.c:401:13:CAN_Print_Status	3
../Core/Src/main.c:422:13:CAN_Recover_If_BusOff	4
../Core/Src/main.c:448:6:BSP_PB_Callback	2
../Core/Src/main.c:460:6:Error_Handler	1
