../Core/Src/main.c:77:5:main	8	static
../Core/Src/main.c:166:6:SystemClock_Config	64	static
../Core/Src/main.c:205:13:MX_FDCAN1_Init	8	static
../Core/Src/main.c:248:13:MX_GPIO_Init	24	static
../Core/Src/main.c:265:13:CAN_User_Init	40	static
../Core/Src/main.c:298:13:CAN_Send_Button_Message	56	static
../Core/Src/main.c:332:13:CAN_Poll_Rx	128	static
../Core/Src/main.c:360:16:CAN_DlcToBytes	16	static
../Core/Src/main.c:401:13:CAN_Print_Status	136	static
../Core/Src/main.c:422:13:CAN_Recover_If_BusOff	56	static
../Core/Src/main.c:448:6:BSP_PB_Callback	16	static
../Core/Src/main.c:460:6:Error_Handler	8	static,ignoring_inline_asm
